Command: C:\Espressif\python_env\idf5.5_py3.11_env\Scripts\python.exe C:\Espressif\frameworks\esp-idf-v5.5.1\tools/idf_monitor.py -p COM3 -b 115200 --toolchain-prefix xtensa-esp32-elf- --target esp32 --revision 0 D:\personal\projects\find-my-nfc\build\find-my-nfc.elf D:\personal\projects\find-my-nfc\build\bootloader\bootloader.elf --force-color -m 'C:\Espressif\python_env\idf5.5_py3.11_env\Scripts\python.exe' 'C:\Espressif\frameworks\esp-idf-v5.5.1\tools\idf.py'
iï¿½ï¿½Speed      : 40Mets Jul 29 2019 12:21:46

rst:0x1 (POWERON_RESET),boot:0x13 (SPI_FAST_FLASH_BOOT)
configsip: 0, SPIWP:0xee
clk_drv:0x00,q_drv:0x00,d_drv:0x00,cs0_drv:0x00,hd_drv:0x00,wp_drv:0x00
mode:DIO, clock div:2
load:0x3fff0030,len:6380
ho 0 tail 12 room 4
load:0x40078000,len:15916
load:0x40080400,len:3860
entry 0x40080638
[0;32mI (29) boot: ESP-IDF v5.5.1-dirty 2nd stage bootloader[0m
[0;32mI (29) boot: compile time Nov 27 2025 20:46:38[0m
[0;32mI (29) boot: Multicore bootloader[0m
[0;32mI (31) boot: chip revision: v3.1[0m
[0;32mI (34) boot.esp32: SPI Speed      : 40MHz[0m
[0;32mI (38) boot.esp32: SPI Mode       : DIO[0m
[0;32mI (41) boot.esp32: SPI Flash Size : 4MB[0m
[0;32mI (45) boot: Enabling RNG early entropy source...[0m
[0;32mI (49) boot: Partition Table:[0m
[0;32mI (52) boot: ## Label            Usage          Type ST Offset   Length[0m
[0;32mI (58) boot:  0 nvs              WiFi data        01 02 00009000 00006000[0m
[0;32mI (65) boot:  1 phy_init         RF data          01 01 0000f000 00001000[0m
[0;32mI (71) boot:  2 factory          factory app      00 00 00010000 00100000[0m
[0;32mI (78) boot: End of partition table[0m
[0;32mI (81) esp_image: segment 0: paddr=00010020 vaddr=3f400020 size=099d8h ( 39384) map[0m
[0;32mI (102) esp_image: segment 1: paddr=00019a00 vaddr=3ffb0000 size=0245ch (  9308) load[0m
[0;32mI (106) esp_image: segment 2: paddr=0001be64 vaddr=40080000 size=041b4h ( 16820) load[0m
[0;32mI (113) esp_image: segment 3: paddr=00020020 vaddr=400d0020 size=13490h ( 78992) map[0m
[0;32mI (140) esp_image: segment 4: paddr=000334b8 vaddr=400841b4 size=08e30h ( 36400) load[0m
[0;32mI (155) esp_image: segment 5: paddr=0003c2f0 vaddr=50000000 size=00020h (    32) load[0m
[0;32mI (162) boot: Loaded app from partition at offset 0x10000[0m
[0;32mI (162) boot: Disabling RNG early entropy source...[0m
[0;32mI (173) cpu_start: Multicore app[0m
[0;32mI (181) cpu_start: Pro cpu start user code[0m
[0;32mI (181) cpu_start: cpu freq: 240000000 Hz[0m
[0;32mI (182) app_init: Application information:[0m
[0;32mI (182) app_init: Project name:     find-my-nfc[0m
[0;32mI (186) app_init: App version:      1[0m
[0;32mI (189) app_init: Compile time:     Nov 27 2025 20:46:16[0m
[0;32mI (194) app_init: ELF file SHA256:  04f357545...[0m
[0;32mI (199) app_init: ESP-IDF:          v5.5.1-dirty[0m
[0;32mI (203) efuse_init: Min chip rev:     v0.0[0m
[0;32mI (207) efuse_init: Max chip rev:     v3.99 [0m
[0;32mI (211) efuse_init: Chip rev:         v3.1[0m
[0;32mI (215) heap_init: Initializing. RAM available for dynamic allocation:[0m
[0;32mI (221) heap_init: At 3FFAE6E0 len 00001920 (6 KiB): DRAM[0m
[0;32mI (226) heap_init: At 3FFB2D28 len 0002D2D8 (180 KiB): DRAM[0m
[0;32mI (231) heap_init: At 3FFE0440 len 00003AE0 (14 KiB): D/IRAM[0m
[0;32mI (237) heap_init: At 3FFE4350 len 0001BCB0 (111 KiB): D/IRAM[0m
[0;32mI (242) heap_init: At 4008CFE4 len 0001301C (76 KiB): IRAM[0m
[0;32mI (249) spi_flash: detected chip: boya[0m
[0;32mI (251) spi_flash: flash io: dio[0m
[0;32mI (254) main_task: Started on CPU0[0m
[0;32mI (264) main_task: Calling app_main()[0m
[0;32mI (264) main_task: Returned from app_main()[0m
